I'm sorry, but errors were detected in your script. Please correct the
errors listed below, and try again.


File "game/script.rpy", line 30: Indentation mismatch.

Ren'Py Version: Ren'Py 8.0.3.22090809
Thu Nov  3 22:32:07 2022
